kotlin version: 2.0.21
error message: org.jetbrains.kotlin.backend.common.BackendException: Backend Internal error: Exception during IR lowering
File being compiled: /media/yash-1/647CA3C87CA392FA/Android-Practice/Animation1/app/src/main/java/com/example/animation1/MainActivity.kt
The root cause java.lang.RuntimeException was thrown at: org.jetbrains.kotlin.backend.jvm.codegen.FunctionCodegen.generate(FunctionCodegen.kt:47)
	at org.jetbrains.kotlin.backend.common.CodegenUtil.reportBackendException(CodegenUtil.kt:253)
	at org.jetbrains.kotlin.backend.common.CodegenUtil.reportBackendException$default(CodegenUtil.kt:236)
	at org.jetbrains.kotlin.backend.common.phaser.PerformByIrFilePhase.invokeSequential(performByIrFile.kt:65)
	at org.jetbrains.kotlin.backend.common.phaser.PerformByIrFilePhase.invoke(performByIrFile.kt:52)
	at org.jetbrains.kotlin.backend.common.phaser.PerformByIrFilePhase.invoke(performByIrFile.kt:38)
	at org.jetbrains.kotlin.backend.common.phaser.NamedCompilerPhase.phaseBody(CompilerPhase.kt:166)
	at org.jetbrains.kotlin.backend.common.phaser.AbstractNamedCompilerPhase.invoke(CompilerPhase.kt:113)
	at org.jetbrains.kotlin.backend.common.phaser.CompositePhase.invoke(PhaseBuilders.kt:27)
	at org.jetbrains.kotlin.backend.common.phaser.CompositePhase.invoke(PhaseBuilders.kt:14)
	at org.jetbrains.kotlin.backend.common.phaser.NamedCompilerPhase.phaseBody(CompilerPhase.kt:166)
	at org.jetbrains.kotlin.backend.common.phaser.AbstractNamedCompilerPhase.invoke(CompilerPhase.kt:113)
	at org.jetbrains.kotlin.backend.common.phaser.CompilerPhaseKt.invokeToplevel(CompilerPhase.kt:62)
	at org.jetbrains.kotlin.backend.jvm.JvmIrCodegenFactory.invokeCodegen(JvmIrCodegenFactory.kt:371)
	at org.jetbrains.kotlin.codegen.CodegenFactory.generateModule(CodegenFactory.kt:47)
	at org.jetbrains.kotlin.backend.jvm.JvmIrCodegenFactory.generateModuleInFrontendIRMode(JvmIrCodegenFactory.kt:433)
	at org.jetbrains.kotlin.cli.jvm.compiler.pipeline.JvmCompilerPipelineKt.generateCodeFromIr(jvmCompilerPipeline.kt:246)
	at org.jetbrains.kotlin.cli.jvm.compiler.pipeline.JvmCompilerPipelineKt.compileModulesUsingFrontendIrAndLightTree(jvmCompilerPipeline.kt:142)
	at org.jetbrains.kotlin.cli.jvm.K2JVMCompiler.doExecute(K2JVMCompiler.kt:148)
	at org.jetbrains.kotlin.cli.jvm.K2JVMCompiler.doExecute(K2JVMCompiler.kt:43)
	at org.jetbrains.kotlin.cli.common.CLICompiler.execImpl(CLICompiler.kt:103)
	at org.jetbrains.kotlin.cli.common.CLICompiler.execImpl(CLICompiler.kt:49)
	at org.jetbrains.kotlin.cli.common.CLITool.exec(CLITool.kt:101)
	at org.jetbrains.kotlin.incremental.IncrementalJvmCompilerRunner.runCompiler(IncrementalJvmCompilerRunner.kt:464)
	at org.jetbrains.kotlin.incremental.IncrementalJvmCompilerRunner.runCompiler(IncrementalJvmCompilerRunner.kt:73)
	at org.jetbrains.kotlin.incremental.IncrementalCompilerRunner.doCompile(IncrementalCompilerRunner.kt:506)
	at org.jetbrains.kotlin.incremental.IncrementalCompilerRunner.compileImpl(IncrementalCompilerRunner.kt:423)
	at org.jetbrains.kotlin.incremental.IncrementalCompilerRunner.compileNonIncrementally(IncrementalCompilerRunner.kt:301)
	at org.jetbrains.kotlin.incremental.IncrementalCompilerRunner.compile(IncrementalCompilerRunner.kt:129)
	at org.jetbrains.kotlin.daemon.CompileServiceImplBase.execIncrementalCompiler(CompileServiceImpl.kt:675)
	at org.jetbrains.kotlin.daemon.CompileServiceImplBase.access$execIncrementalCompiler(CompileServiceImpl.kt:92)
	at org.jetbrains.kotlin.daemon.CompileServiceImpl.compile(CompileServiceImpl.kt:1660)
	at java.base/jdk.internal.reflect.DirectMethodHandleAccessor.invoke(Unknown Source)
	at java.base/java.lang.reflect.Method.invoke(Unknown Source)
	at java.rmi/sun.rmi.server.UnicastServerRef.dispatch(Unknown Source)
	at java.rmi/sun.rmi.transport.Transport$1.run(Unknown Source)
	at java.rmi/sun.rmi.transport.Transport$1.run(Unknown Source)
	at java.base/java.security.AccessController.doPrivileged(Unknown Source)
	at java.rmi/sun.rmi.transport.Transport.serviceCall(Unknown Source)
	at java.rmi/sun.rmi.transport.tcp.TCPTransport.handleMessages(Unknown Source)
	at java.rmi/sun.rmi.transport.tcp.TCPTransport$ConnectionHandler.run0(Unknown Source)
	at java.rmi/sun.rmi.transport.tcp.TCPTransport$ConnectionHandler.lambda$run$0(Unknown Source)
	at java.base/java.security.AccessController.doPrivileged(Unknown Source)
	at java.rmi/sun.rmi.transport.tcp.TCPTransport$ConnectionHandler.run(Unknown Source)
	at java.base/java.util.concurrent.ThreadPoolExecutor.runWorker(Unknown Source)
	at java.base/java.util.concurrent.ThreadPoolExecutor$Worker.run(Unknown Source)
	at java.base/java.lang.Thread.run(Unknown Source)
Caused by: java.lang.RuntimeException: Exception while generating code for:
FUN name:GameCharacterMovement visibility:public modality:FINAL <> () returnType:kotlin.Unit
  annotations:
    Composable
  BLOCK_BODY
    VAR name:startPosition type:androidx.compose.ui.geometry.Offset [val]
      CALL 'public final fun Offset (x: kotlin.Float, y: kotlin.Float): androidx.compose.ui.geometry.Offset declared in androidx.compose.ui.geometry.OffsetKt' type=androidx.compose.ui.geometry.Offset origin=null
        x: CONST Float type=kotlin.Float value=100.0
        y: CONST Float type=kotlin.Float value=100.0
    VAR name:endPosition type:androidx.compose.ui.geometry.Offset [val]
      CALL 'public final fun Offset (x: kotlin.Float, y: kotlin.Float): androidx.compose.ui.geometry.Offset declared in androidx.compose.ui.geometry.OffsetKt' type=androidx.compose.ui.geometry.Offset origin=null
        x: CONST Float type=kotlin.Float value=250.0
        y: CONST Float type=kotlin.Float value=400.0
    VAR name:controlPoint type:androidx.compose.runtime.MutableState<androidx.compose.ui.geometry.Offset> [val]
      CALL 'public final fun remember <T> (calculation: @[DisallowComposableCalls] kotlin.Function0<T of androidx.compose.runtime.ComposablesKt.remember>): T of androidx.compose.runtime.ComposablesKt.remember [inline] declared in androidx.compose.runtime.ComposablesKt' type=androidx.compose.runtime.MutableState<androidx.compose.ui.geometry.Offset> origin=null
        <T>: androidx.compose.runtime.MutableState<androidx.compose.ui.geometry.Offset>
        calculation: BLOCK type=kotlin.Function0<androidx.compose.runtime.MutableState<androidx.compose.ui.geometry.Offset>> origin=LAMBDA
          COMPOSITE type=kotlin.Unit origin=null
          FUNCTION_REFERENCE 'private final fun GameCharacterMovement$lambda$0 (): androidx.compose.runtime.MutableState<androidx.compose.ui.geometry.Offset> declared in com.example.animation1.MainActivityKt' type=kotlin.Function0<androidx.compose.runtime.MutableState<androidx.compose.ui.geometry.Offset>> origin=INLINE_LAMBDA reflectionTarget=null
    VAR name:position type:androidx.compose.animation.core.Animatable<androidx.compose.ui.geometry.Offset, androidx.compose.animation.core.AnimationVector2D> [val]
      CALL 'public final fun remember <T> (calculation: @[DisallowComposableCalls] kotlin.Function0<T of androidx.compose.runtime.ComposablesKt.remember>): T of androidx.compose.runtime.ComposablesKt.remember [inline] declared in androidx.compose.runtime.ComposablesKt' type=androidx.compose.animation.core.Animatable<androidx.compose.ui.geometry.Offset, androidx.compose.animation.core.AnimationVector2D> origin=null
        <T>: androidx.compose.animation.core.Animatable<androidx.compose.ui.geometry.Offset, androidx.compose.animation.core.AnimationVector2D>
        calculation: BLOCK type=kotlin.Function0<androidx.compose.animation.core.Animatable<androidx.compose.ui.geometry.Offset, androidx.compose.animation.core.AnimationVector2D>> origin=LAMBDA
          COMPOSITE type=kotlin.Unit origin=null
          FUNCTION_REFERENCE 'private final fun GameCharacterMovement$lambda$1 ($startPosition: androidx.compose.ui.geometry.Offset): androidx.compose.animation.core.Animatable<androidx.compose.ui.geometry.Offset, androidx.compose.animation.core.AnimationVector2D> declared in com.example.animation1.MainActivityKt' type=kotlin.Function0<androidx.compose.animation.core.Animatable<androidx.compose.ui.geometry.Offset, androidx.compose.animation.core.AnimationVector2D>> origin=INLINE_LAMBDA reflectionTarget=null
            $startPosition: GET_VAR 'val startPosition: androidx.compose.ui.geometry.Offset [val] declared in com.example.animation1.MainActivityKt.GameCharacterMovement' type=androidx.compose.ui.geometry.Offset origin=null
    CALL 'public final fun LaunchedEffect (key1: kotlin.Any?, block: @[ExtensionFunctionType] kotlin.coroutines.SuspendFunction1<kotlinx.coroutines.CoroutineScope, kotlin.Unit>): kotlin.Unit declared in androidx.compose.runtime.EffectsKt' type=kotlin.Unit origin=null
      key1: CALL 'public abstract fun <get-value> (): T of androidx.compose.runtime.MutableState declared in androidx.compose.runtime.MutableState' type=androidx.compose.ui.geometry.Offset origin=GET_PROPERTY
        $this: GET_VAR 'val controlPoint: androidx.compose.runtime.MutableState<androidx.compose.ui.geometry.Offset> [val] declared in com.example.animation1.MainActivityKt.GameCharacterMovement' type=androidx.compose.runtime.MutableState<androidx.compose.ui.geometry.Offset> origin=null
      block: BLOCK type=com.example.animation1.MainActivityKt.GameCharacterMovement.<no name provided> origin=null
        CLASS SUSPEND_LAMBDA CLASS name:<no name provided> modality:FINAL visibility:public/*package*/ superTypes:[kotlin.coroutines.jvm.internal.SuspendLambda; kotlin.jvm.functions.Function2<kotlinx.coroutines.CoroutineScope, kotlin.coroutines.Continuation<kotlin.Unit>?, kotlin.Any?>]
          $this: VALUE_PARAMETER INSTANCE_RECEIVER name:<this> type:com.example.animation1.MainActivityKt.GameCharacterMovement.<no name provided>
          FIELD name:label type:kotlin.Int visibility:public/*package*/
          CONSTRUCTOR SUSPEND_LAMBDA visibility:public/*package*/ <> ($position:androidx.compose.animation.core.Animatable<androidx.compose.ui.geometry.Offset, androidx.compose.animation.core.AnimationVector2D>, $endPosition:androidx.compose.ui.geometry.Offset, $controlPoint:androidx.compose.runtime.MutableState<androidx.compose.ui.geometry.Offset>, $completion:kotlin.coroutines.Continuation<com.example.animation1.MainActivityKt.GameCharacterMovement.<no name provided>>?) returnType:com.example.animation1.MainActivityKt.GameCharacterMovement.<no name provided> [primary]
            VALUE_PARAMETER BOUND_VALUE_PARAMETER name:$position index:0 type:androidx.compose.animation.core.Animatable<androidx.compose.ui.geometry.Offset, androidx.compose.animation.core.AnimationVector2D>
            VALUE_PARAMETER BOUND_VALUE_PARAMETER name:$endPosition index:1 type:androidx.compose.ui.geometry.Offset
            VALUE_PARAMETER BOUND_VALUE_PARAMETER name:$controlPoint index:2 type:androidx.compose.runtime.MutableState<androidx.compose.ui.geometry.Offset>
            VALUE_PARAMETER name:$completion index:3 type:kotlin.coroutines.Continuation<com.example.animation1.MainActivityKt.GameCharacterMovement.<no name provided>>?
            BLOCK_BODY
              SET_FIELD 'FIELD FIELD_FOR_CAPTURED_VALUE name:$position type:androidx.compose.animation.core.Animatable<androidx.compose.ui.geometry.Offset, androidx.compose.animation.core.AnimationVector2D> visibility:public/*package*/ [final] declared in com.example.animation1.MainActivityKt.GameCharacterMovement.<no name provided>' type=kotlin.Unit origin=INITIALIZER_OF_FIELD_FOR_CAPTURED_VALUE
                receiver: GET_VAR '<this>: com.example.animation1.MainActivityKt.GameCharacterMovement.<no name provided> declared in com.example.animation1.MainActivityKt.GameCharacterMovement.<no name provided>' type=com.example.animation1.MainActivityKt.GameCharacterMovement.<no name provided> origin=null
                value: GET_VAR '$position: androidx.compose.animation.core.Animatable<androidx.compose.ui.geometry.Offset, androidx.compose.animation.core.AnimationVector2D> declared in com.example.animation1.MainActivityKt.GameCharacterMovement.<no name provided>.<init>' type=androidx.compose.animation.core.Animatable<androidx.compose.ui.geometry.Offset, androidx.compose.animation.core.AnimationVector2D> origin=null
              SET_FIELD 'FIELD FIELD_FOR_CAPTURED_VALUE name:$endPosition type:androidx.compose.ui.geometry.Offset visibility:public/*package*/ [final] declared in com.example.animation1.MainActivityKt.GameCharacterMovement.<no name provided>' type=kotlin.Unit origin=INITIALIZER_OF_FIELD_FOR_CAPTURED_VALUE
                receiver: GET_VAR '<this>: com.example.animation1.MainActivityKt.GameCharacterMovement.<no name provided> declared in com.example.animation1.MainActivityKt.GameCharacterMovement.<no name provided>' type=com.example.animation1.MainActivityKt.GameCharacterMovement.<no name provided> origin=null
                value: GET_VAR '$endPosition: androidx.compose.ui.geometry.Offset declared in com.example.animation1.MainActivityKt.GameCharacterMovement.<no name provided>.<init>' type=androidx.compose.ui.geometry.Offset origin=null
              SET_FIELD 'FIELD FIELD_FOR_CAPTURED_VALUE name:$controlPoint type:androidx.compose.runtime.MutableState<androidx.compose.ui.geometry.Offset> visibility:public/*package*/ [final] declared in com.example.animation1.MainActivityKt.GameCharacterMovement.<no name provided>' type=kotlin.Unit origin=INITIALIZER_OF_FIELD_FOR_CAPTURED_VALUE
                receiver: GET_VAR '<this>: com.example.animation1.MainActivityKt.GameCharacterMovement.<no name provided> declared in com.example.animation1.MainActivityKt.GameCharacterMovement.<no name provided>' type=com.example.animation1.MainActivityKt.GameCharacterMovement.<no name provided> origin=null
                value: GET_VAR '$controlPoint: androidx.compose.runtime.MutableState<androidx.compose.ui.geometry.Offset> declared in com.example.animation1.MainActivityKt.GameCharacterMovement.<no name provided>.<init>' type=androidx.compose.runtime.MutableState<androidx.compose.ui.geometry.Offset> origin=null
              DELEGATING_CONSTRUCTOR_CALL 'public constructor <init> (arity: kotlin.Int, $completion: kotlin.coroutines.Continuation<kotlin.Any?>?) declared in kotlin.coroutines.jvm.internal.SuspendLambda'
                arity: CONST Int type=kotlin.Int value=2
                $completion: GET_VAR '$completion: kotlin.coroutines.Continuation<com.example.animation1.MainActivityKt.GameCharacterMovement.<no name provided>>? declared in com.example.animation1.MainActivityKt.GameCharacterMovement.<no name provided>.<init>' type=kotlin.coroutines.Continuation<com.example.animation1.MainActivityKt.GameCharacterMovement.<no name provided>>? origin=null
              BLOCK type=kotlin.Unit origin=null
          FUN name:invokeSuspend visibility:public modality:FINAL <> ($this:com.example.animation1.MainActivityKt.GameCharacterMovement.<no name provided>, $result:kotlin.Result<kotlin.Any?>) returnType:kotlin.Any?
            overridden:
              protected abstract fun invokeSuspend ($result: kotlin.Result<kotlin.Any?>): kotlin.Any? declared in kotlin.coroutines.jvm.internal.SuspendLambda
            $this: VALUE_PARAMETER INSTANCE_RECEIVER name:<this> type:com.example.animation1.MainActivityKt.GameCharacterMovement.<no name provided>
            VALUE_PARAMETER name:$result index:0 type:kotlin.Result<kotlin.Any?>
            BLOCK_BODY
              COMPOSITE type=kotlin.Unit origin=null
                TYPE_OP type=androidx.compose.animation.core.AnimationResult<androidx.compose.ui.geometry.Offset, androidx.compose.animation.core.AnimationVector2D> origin=IMPLICIT_CAST typeOperand=androidx.compose.animation.core.AnimationResult<androidx.compose.ui.geometry.Offset, androidx.compose.animation.core.AnimationVector2D>
                  CALL 'public final fun animateTo$default ($this: androidx.compose.animation.core.Animatable<T of androidx.compose.animation.core.Animatable, V of androidx.compose.animation.core.Animatable>, targetValue: T of androidx.compose.animation.core.Animatable, animationSpec: androidx.compose.animation.core.AnimationSpec<T of androidx.compose.animation.core.Animatable>?, initialVelocity: T of androidx.compose.animation.core.Animatable?, block: @[ExtensionFunctionType] kotlin.Function1<androidx.compose.animation.core.Animatable<T of androidx.compose.animation.core.Animatable, V of androidx.compose.animation.core.Animatable>, kotlin.Unit>?, $completion: kotlin.coroutines.Continuation<androidx.compose.animation.core.AnimationResult<T of androidx.compose.animation.core.Animatable, V of androidx.compose.animation.core.Animatable>>, $mask0: kotlin.Int, $handler: kotlin.Any?): kotlin.Any? [suspend] declared in androidx.compose.animation.core.Animatable' type=androidx.compose.animation.core.AnimationResult<T of androidx.compose.animation.core.Animatable, V of androidx.compose.animation.core.Animatable> origin=DEFAULT_DISPATCH_CALL
                    $this: GET_FIELD 'FIELD FIELD_FOR_CAPTURED_VALUE name:$position type:androidx.compose.animation.core.Animatable<androidx.compose.ui.geometry.Offset, androidx.compose.animation.core.AnimationVector2D> visibility:public/*package*/ [final] declared in com.example.animation1.MainActivityKt.GameCharacterMovement.<no name provided>' type=androidx.compose.animation.core.Animatable<androidx.compose.ui.geometry.Offset, androidx.compose.animation.core.AnimationVector2D> origin=null
                      receiver: GET_VAR '<this>: com.example.animation1.MainActivityKt.GameCharacterMovement.<no name provided> declared in com.example.animation1.MainActivityKt.GameCharacterMovement.<no name provided>.invokeSuspend' type=com.example.animation1.MainActivityKt.GameCharacterMovement.<no name provided> origin=null
                    targetValue: GET_FIELD 'FIELD FIELD_FOR_CAPTURED_VALUE name:$endPosition type:androidx.compose.ui.geometry.Offset visibility:public/*package*/ [final] declared in com.example.animation1.MainActivityKt.GameCharacterMovement.<no name provided>' type=androidx.compose.ui.geometry.Offset origin=null
                      receiver: GET_VAR '<this>: com.example.animation1.MainActivityKt.GameCharacterMovement.<no name provided> declared in com.example.animation1.MainActivityKt.GameCharacterMovement.<no name provided>.invokeSuspend' type=com.example.animation1.MainActivityKt.GameCharacterMovement.<no name provided> origin=null
                    animationSpec: CALL 'public final fun keyframes <T> (init: @[ExtensionFunctionType] kotlin.Function1<androidx.compose.animation.core.KeyframesSpec.KeyframesSpecConfig<T of androidx.compose.animation.core.AnimationSpecKt.keyframes>, kotlin.Unit>): androidx.compose.animation.core.KeyframesSpec<T of androidx.compose.animation.core.AnimationSpecKt.keyframes> declared in androidx.compose.animation.core.AnimationSpecKt' type=androidx.compose.animation.core.KeyframesSpec<androidx.compose.ui.geometry.Offset> origin=null
                      <T>: androidx.compose.ui.geometry.Offset
                      init: BLOCK type=@[ExtensionFunctionType] kotlin.Function1<androidx.compose.animation.core.KeyframesSpec.KeyframesSpecConfig<androidx.compose.ui.geometry.Offset>, kotlin.Unit> origin=LAMBDA
                        COMPOSITE type=kotlin.Unit origin=null
                        CALL 'public final fun <jvm-indy> <T> (dynamicCall: T of kotlin.jvm.internal.<jvm-indy>, bootstrapMethodHandle: kotlin.Any, vararg bootstrapMethodArguments: kotlin.Any): T of kotlin.jvm.internal.<jvm-indy> declared in kotlin.jvm.internal' type=@[ExtensionFunctionType] kotlin.Function1<androidx.compose.animation.core.KeyframesSpec.KeyframesSpecConfig<androidx.compose.ui.geometry.Offset>, kotlin.Unit> origin=null
                          <T>: @[ExtensionFunctionType] kotlin.Function1<androidx.compose.animation.core.KeyframesSpec.KeyframesSpecConfig<androidx.compose.ui.geometry.Offset>, kotlin.Unit>
                          dynamicCall: CALL 'public final fun invoke (p0: androidx.compose.runtime.MutableState<androidx.compose.ui.geometry.Offset>): @[ExtensionFunctionType] kotlin.Function1<androidx.compose.animation.core.KeyframesSpec.KeyframesSpecConfig<androidx.compose.ui.geometry.Offset>, kotlin.Unit> declared in kotlin.jvm.internal.invokeDynamic' type=@[ExtensionFunctionType] kotlin.Function1<androidx.compose.animation.core.KeyframesSpec.KeyframesSpecConfig<androidx.compose.ui.geometry.Offset>, kotlin.Unit> origin=null
                            p0: GET_FIELD 'FIELD FIELD_FOR_CAPTURED_VALUE name:$controlPoint type:androidx.compose.runtime.MutableState<androidx.compose.ui.geometry.Offset> visibility:public/*package*/ [final] declared in com.example.animation1.MainActivityKt.GameCharacterMovement.<no name provided>' type=androidx.compose.runtime.MutableState<androidx.compose.ui.geometry.Offset> origin=null
                              receiver: GET_VAR '<this>: com.example.animation1.MainActivityKt.GameCharacterMovement.<no name provided> declared in com.example.animation1.MainActivityKt.GameCharacterMovement.<no name provided>.invokeSuspend' type=com.example.animation1.MainActivityKt.GameCharacterMovement.<no name provided> origin=null
                          bootstrapMethodHandle: CALL 'public final fun <jvm-method-handle> (tag: kotlin.Int, owner: kotlin.String, name: kotlin.String, descriptor: kotlin.String, isInterface: kotlin.Boolean): kotlin.Any declared in kotlin.jvm.internal' type=kotlin.Any origin=null
                            tag: CONST Int type=kotlin.Int value=6
                            owner: CONST String type=kotlin.String value="java/lang/invoke/LambdaMetafactory"
                            name: CONST String type=kotlin.String value="metafactory"
                            descriptor: CONST String type=kotlin.String value="(Ljava/lang/invoke/MethodHandles$Lookup;Ljava/lang/String;Ljava/lang/invoke/MethodType;Ljava/lang/invoke/MethodType;Ljava/lang/invoke/MethodHandle;Ljava/lang/invoke/MethodType;)Ljava/lang/invoke/CallSite;"
                            isInterface: CONST Boolean type=kotlin.Boolean value=false
                          bootstrapMethodArguments: VARARG type=kotlin.Array<kotlin.Any> varargElementType=kotlin.Any
                            CALL 'public final fun <jvm-original-method-type> (method: kotlin.Any): kotlin.Any declared in kotlin.jvm.internal' type=kotlin.Any origin=null
                              method: RAW_FUNCTION_REFERENCE 'public abstract fun invoke (p1: P1 of kotlin.Function1): R of kotlin.Function1 [operator] declared in kotlin.Function1' type=kotlin.Any
                            RAW_FUNCTION_REFERENCE 'private final fun invokeSuspend$lambda$0 ($controlPoint: androidx.compose.runtime.MutableState<androidx.compose.ui.geometry.Offset>, $this$keyframes: androidx.compose.animation.core.KeyframesSpec.KeyframesSpecConfig<androidx.compose.ui.geometry.Offset>): kotlin.Unit? declared in com.example.animation1.MainActivityKt.GameCharacterMovement.<no name provided>' type=kotlin.Any
                            CALL 'public final fun <jvm-original-method-type> (method: kotlin.Any): kotlin.Any declared in kotlin.jvm.internal' type=kotlin.Any origin=null
                              method: RAW_FUNCTION_REFERENCE 'public abstract fun invoke (p1: androidx.compose.animation.core.KeyframesSpec.KeyframesSpecConfig<androidx.compose.ui.geometry.Offset>): kotlin.Unit? [fake_override,operator] declared in kotlin.jvm.internal.invokeDynamic.<fake>' type=kotlin.Any
                    initialVelocity: COMPOSITE type=T of androidx.compose.animation.core.Animatable? origin=DEFAULT_VALUE
                      CONST Null type=kotlin.Any? value=null
                    block: COMPOSITE type=@[ExtensionFunctionType] kotlin.Function1<androidx.compose.animation.core.Animatable<T of androidx.compose.animation.core.Animatable, V of androidx.compose.animation.core.Animatable>, kotlin.Unit>? origin=DEFAULT_VALUE
                      CONST Null type=@[ExtensionFunctionType] kotlin.Function1<androidx.compose.animation.core.Animatable<T of androidx.compose.animation.core.Animatable, V of androidx.compose.animation.core.Animatable>, kotlin.Unit>? value=null
                    $completion: GET_VAR '<this>: com.example.animation1.MainActivityKt.GameCharacterMovement.<no name provided> declared in com.example.animation1.MainActivityKt.GameCharacterMovement.<no name provided>.invokeSuspend' type=com.example.animation1.MainActivityKt.GameCharacterMovement.<no name provided> origin=null
                    $mask0: CONST Int type=kotlin.Int value=12
                    $handler: CONST Null type=kotlin.Any? value=null
                COMPOSITE type=kotlin.Unit origin=null
          FUN name:create visibility:public modality:FINAL <> ($this:com.example.animation1.MainActivityKt.GameCharacterMovement.<no name provided>, value:kotlin.Any?, $completion:kotlin.coroutines.Continuation<kotlin.Nothing>) returnType:kotlin.coroutines.Continuation<kotlin.Unit>
            overridden:
              public open fun create (value: kotlin.Any?, $completion: kotlin.coroutines.Continuation<kotlin.Nothing>): kotlin.coroutines.Continuation<kotlin.Unit> declared in kotlin.coroutines.jvm.internal.SuspendLambda
            $this: VALUE_PARAMETER INSTANCE_RECEIVER name:<this> type:com.example.animation1.MainActivityKt.GameCharacterMovement.<no name provided>
            VALUE_PARAMETER name:value index:0 type:kotlin.Any?
            VALUE_PARAMETER name:$completion index:1 type:kotlin.coroutines.Continuation<kotlin.Nothing>
            BLOCK_BODY
              RETURN type=kotlin.Nothing from='public final fun create (value: kotlin.Any?, $completion: kotlin.coroutines.Continuation<kotlin.Nothing>): kotlin.coroutines.Continuation<kotlin.Unit> declared in com.example.animation1.MainActivityKt.GameCharacterMovement.<no name provided>'
                CONSTRUCTOR_CALL 'public/*package*/ constructor <init> ($position: androidx.compose.animation.core.Animatable<androidx.compose.ui.geometry.Offset, androidx.compose.animation.core.AnimationVector2D>, $endPosition: androidx.compose.ui.geometry.Offset, $controlPoint: androidx.compose.runtime.MutableState<androidx.compose.ui.geometry.Offset>, $completion: kotlin.coroutines.Continuation<com.example.animation1.MainActivityKt.GameCharacterMovement.<no name provided>>?) [primary] declared in com.example.animation1.MainActivityKt.GameCharacterMovement.<no name provided>' type=com.example.animation1.MainActivityKt.GameCharacterMovement.<no name provided> origin=null
                  $position: GET_FIELD 'FIELD FIELD_FOR_CAPTURED_VALUE name:$position type:androidx.compose.animation.core.Animatable<androidx.compose.ui.geometry.Offset, androidx.compose.animation.core.AnimationVector2D> visibility:public/*package*/ [final] declared in com.example.animation1.MainActivityKt.GameCharacterMovement.<no name provided>' type=androidx.compose.animation.core.Animatable<androidx.compose.ui.geometry.Offset, androidx.compose.animation.core.AnimationVector2D> origin=null
                    receiver: GET_VAR '<this>: com.example.animation1.MainActivityKt.GameCharacterMovement.<no name provided> declared in com.example.animation1.MainActivityKt.GameCharacterMovement.<no name provided>.create' type=com.example.animation1.MainActivityKt.GameCharacterMovement.<no name provided> origin=null
                  $endPosition: GET_FIELD 'FIELD FIELD_FOR_CAPTURED_VALUE name:$endPosition type:androidx.compose.ui.geometry.Offset visibility:public/*package*/ [final] declared in com.example.animation1.MainActivityKt.GameCharacterMovement.<no name provided>' type=androidx.compose.ui.geometry.Offset origin=null
                    receiver: GET_VAR '<this>: com.example.animation1.MainActivityKt.GameCharacterMovement.<no name provided> declared in com.example.animation1.MainActivityKt.GameCharacterMovement.<no name provided>.create' type=com.example.animation1.MainActivityKt.GameCharacterMovement.<no name provided> origin=null
                  $controlPoint: GET_FIELD 'FIELD FIELD_FOR_CAPTURED_VALUE name:$controlPoint type:androidx.compose.runtime.MutableState<androidx.compose.ui.geometry.Offset> visibility:public/*package*/ [final] declared in com.example.animation1.MainActivityKt.GameCharacterMovement.<no name provided>' type=androidx.compose.runtime.MutableState<androidx.compose.ui.geometry.Offset> origin=null
                    receiver: GET_VAR '<this>: com.example.animation1.MainActivityKt.GameCharacterMovement.<no name provided> declared in com.example.animation1.MainActivityKt.GameCharacterMovement.<no name provided>.create' type=com.example.animation1.MainActivityKt.GameCharacterMovement.<no name provided> origin=null
                  $completion: GET_VAR '$completion: kotlin.coroutines.Continuation<kotlin.Nothing> declared in com.example.animation1.MainActivityKt.GameCharacterMovement.<no name provided>.create' type=kotlin.coroutines.Continuation<kotlin.Nothing> origin=null
          FUN name:invoke visibility:public modality:FINAL <> ($this:com.example.animation1.MainActivityKt.GameCharacterMovement.<no name provided>, p1:kotlinx.coroutines.CoroutineScope, p2:kotlin.coroutines.Continuation<kotlin.Unit>?) returnType:kotlin.Any?
            overridden:
              public abstract fun invoke (p1: P1 of kotlin.jvm.functions.Function2, p2: P2 of kotlin.jvm.functions.Function2): R of kotlin.jvm.functions.Function2 declared in kotlin.jvm.functions.Function2
            $this: VALUE_PARAMETER INSTANCE_RECEIVER name:<this> type:com.example.animation1.MainActivityKt.GameCharacterMovement.<no name provided>
            VALUE_PARAMETER name:p1 index:0 type:kotlinx.coroutines.CoroutineScope
            VALUE_PARAMETER name:p2 index:1 type:kotlin.coroutines.Continuation<kotlin.Unit>?
            BLOCK_BODY
              RETURN type=kotlin.Nothing from='public final fun invoke (p1: kotlinx.coroutines.CoroutineScope, p2: kotlin.coroutines.Continuation<kotlin.Unit>?): kotlin.Any? declared in com.example.animation1.MainActivityKt.GameCharacterMovement.<no name provided>'
                CALL 'public final fun invokeSuspend ($result: kotlin.Result<kotlin.Any?>): kotlin.Any? declared in com.example.animation1.MainActivityKt.GameCharacterMovement.<no name provided>' type=kotlin.Any? origin=null
                  $this: TYPE_OP type=com.example.animation1.MainActivityKt.GameCharacterMovement.<no name provided> origin=IMPLICIT_CAST typeOperand=com.example.animation1.MainActivityKt.GameCharacterMovement.<no name provided>
                    CALL 'public final fun create (value: kotlin.Any?, $completion: kotlin.coroutines.Continuation<kotlin.Nothing>): kotlin.coroutines.Continuation<kotlin.Unit> declared in com.example.animation1.MainActivityKt.GameCharacterMovement.<no name provided>' type=kotlin.coroutines.Continuation<kotlin.Unit> origin=null
                      $this: GET_VAR '<this>: com.example.animation1.MainActivityKt.GameCharacterMovement.<no name provided> declared in com.example.animation1.MainActivityKt.GameCharacterMovement.<no name provided>.invoke' type=com.example.animation1.MainActivityKt.GameCharacterMovement.<no name provided> origin=null
                      value: GET_VAR 'p1: kotlinx.coroutines.CoroutineScope declared in com.example.animation1.MainActivityKt.GameCharacterMovement.<no name provided>.invoke' type=kotlinx.coroutines.CoroutineScope origin=null
                      $completion: GET_VAR 'p2: kotlin.coroutines.Continuation<kotlin.Unit>? declared in com.example.animation1.MainActivityKt.GameCharacterMovement.<no name provided>.invoke' type=kotlin.coroutines.Continuation<kotlin.Unit>? origin=null
                  $result: CALL 'public final fun <unsafe-coerce> <T, R> (v: T of kotlin.jvm.internal.<unsafe-coerce>): R of kotlin.jvm.internal.<unsafe-coerce> declared in kotlin.jvm.internal' type=kotlin.Result<kotlin.Any?> origin=null
                    <T>: kotlin.Any?
                    <R>: kotlin.Result<kotlin.Any?>
                    v: GET_FIELD 'FIELD FIELD_FOR_OBJECT_INSTANCE name:INSTANCE type:kotlin.Unit visibility:public [final,static] declared in kotlin.Unit' type=kotlin.Unit origin=null
          FIELD FIELD_FOR_CAPTURED_VALUE name:$position type:androidx.compose.animation.core.Animatable<androidx.compose.ui.geometry.Offset, androidx.compose.animation.core.AnimationVector2D> visibility:public/*package*/ [final]
          FIELD FIELD_FOR_CAPTURED_VALUE name:$endPosition type:androidx.compose.ui.geometry.Offset visibility:public/*package*/ [final]
          FIELD FIELD_FOR_CAPTURED_VALUE name:$controlPoint type:androidx.compose.runtime.MutableState<androidx.compose.ui.geometry.Offset> visibility:public/*package*/ [final]
          FUN LOCAL_FUNCTION_FOR_LAMBDA name:invokeSuspend$lambda$0 visibility:private modality:FINAL <> ($controlPoint:androidx.compose.runtime.MutableState<androidx.compose.ui.geometry.Offset>, $this$keyframes:androidx.compose.animation.core.KeyframesSpec.KeyframesSpecConfig<androidx.compose.ui.geometry.Offset>) returnType:kotlin.Unit?
            VALUE_PARAMETER BOUND_VALUE_PARAMETER name:$controlPoint index:0 type:androidx.compose.runtime.MutableState<androidx.compose.ui.geometry.Offset>
            VALUE_PARAMETER name:$this$keyframes index:1 type:androidx.compose.animation.core.KeyframesSpec.KeyframesSpecConfig<androidx.compose.ui.geometry.Offset>
            BLOCK_BODY
              CALL 'public final fun <set-durationMillis> (value: kotlin.Int): kotlin.Unit [fake_override] declared in androidx.compose.animation.core.KeyframesSpec.KeyframesSpecConfig' type=kotlin.Unit origin=EQ
                $this: GET_VAR '$this$keyframes: androidx.compose.animation.core.KeyframesSpec.KeyframesSpecConfig<androidx.compose.ui.geometry.Offset> declared in com.example.animation1.MainActivityKt.GameCharacterMovement.<no name provided>.invokeSuspend$lambda$0' type=androidx.compose.animation.core.KeyframesSpec.KeyframesSpecConfig<androidx.compose.ui.geometry.Offset> origin=null
                value: CONST Int type=kotlin.Int value=5000
              COMPOSITE type=kotlin.Unit origin=null
                CALL 'public open fun at (timeStamp: kotlin.Int): androidx.compose.animation.core.KeyframesSpec.KeyframeEntity<T of androidx.compose.animation.core.KeyframesSpec.KeyframesSpecConfig> [infix] declared in androidx.compose.animation.core.KeyframesSpec.KeyframesSpecConfig' type=androidx.compose.animation.core.KeyframesSpec.KeyframeEntity<androidx.compose.ui.geometry.Offset> origin=null
                  $this: GET_VAR '$this$keyframes: androidx.compose.animation.core.KeyframesSpec.KeyframesSpecConfig<androidx.compose.ui.geometry.Offset> declared in com.example.animation1.MainActivityKt.GameCharacterMovement.<no name provided>.invokeSuspend$lambda$0' type=androidx.compose.animation.core.KeyframesSpec.KeyframesSpecConfig<androidx.compose.ui.geometry.Offset> origin=null
                  $receiver: CALL 'public abstract fun <get-value> (): T of androidx.compose.runtime.MutableState declared in androidx.compose.runtime.MutableState' type=androidx.compose.ui.geometry.Offset origin=GET_PROPERTY
                    $this: GET_VAR '$controlPoint: androidx.compose.runtime.MutableState<androidx.compose.ui.geometry.Offset> declared in com.example.animation1.MainActivityKt.GameCharacterMovement.<no name provided>.invokeSuspend$lambda$0' type=androidx.compose.runtime.MutableState<androidx.compose.ui.geometry.Offset> origin=null
                  timeStamp: CONST Int type=kotlin.Int value=2500
                COMPOSITE type=kotlin.Unit origin=null
          FUN BRIDGE name:invoke visibility:public modality:OPEN <> ($this:com.example.animation1.MainActivityKt.GameCharacterMovement.<no name provided>, p1:kotlin.Any?, p2:kotlin.Any?) returnType:kotlin.Any?
            $this: VALUE_PARAMETER INSTANCE_RECEIVER name:<this> type:com.example.animation1.MainActivityKt.GameCharacterMovement.<no name provided>
            VALUE_PARAMETER BRIDGE name:p1 index:0 type:kotlin.Any?
            VALUE_PARAMETER BRIDGE name:p2 index:1 type:kotlin.Any?
            EXPRESSION_BODY
              RETURN type=kotlin.Nothing from='public open fun invoke (p1: kotlin.Any?, p2: kotlin.Any?): kotlin.Any? declared in com.example.animation1.MainActivityKt.GameCharacterMovement.<no name provided>'
                CALL 'public final fun invoke (p1: kotlinx.coroutines.CoroutineScope, p2: kotlin.coroutines.Continuation<kotlin.Unit>?): kotlin.Any? declared in com.example.animation1.MainActivityKt.GameCharacterMovement.<no name provided>' type=kotlin.Any? origin=BRIDGE_DELEGATION
                  $this: GET_VAR '<this>: com.example.animation1.MainActivityKt.GameCharacterMovement.<no name provided> declared in com.example.animation1.MainActivityKt.GameCharacterMovement.<no name provided>.invoke' type=com.example.animation1.MainActivityKt.GameCharacterMovement.<no name provided> origin=null
                  p1: TYPE_OP type=kotlinx.coroutines.CoroutineScope origin=IMPLICIT_CAST typeOperand=kotlinx.coroutines.CoroutineScope
                    GET_VAR 'p1: kotlin.Any? declared in com.example.animation1.MainActivityKt.GameCharacterMovement.<no name provided>.invoke' type=kotlin.Any? origin=null
                  p2: TYPE_OP type=kotlin.coroutines.Continuation<*> origin=IMPLICIT_CAST typeOperand=kotlin.coroutines.Continuation<*>
                    GET_VAR 'p2: kotlin.Any? declared in com.example.animation1.MainActivityKt.GameCharacterMovement.<no name provided>.invoke' type=kotlin.Any? origin=null
        CONSTRUCTOR_CALL 'public/*package*/ constructor <init> ($position: androidx.compose.animation.core.Animatable<androidx.compose.ui.geometry.Offset, androidx.compose.animation.core.AnimationVector2D>, $endPosition: androidx.compose.ui.geometry.Offset, $controlPoint: androidx.compose.runtime.MutableState<androidx.compose.ui.geometry.Offset>, $completion: kotlin.coroutines.Continuation<com.example.animation1.MainActivityKt.GameCharacterMovement.<no name provided>>?) [primary] declared in com.example.animation1.MainActivityKt.GameCharacterMovement.<no name provided>' type=com.example.animation1.MainActivityKt.GameCharacterMovement.<no name provided> origin=null
          $position: GET_VAR 'val position: androidx.compose.animation.core.Animatable<androidx.compose.ui.geometry.Offset, androidx.compose.animation.core.AnimationVector2D> [val] declared in com.example.animation1.MainActivityKt.GameCharacterMovement' type=androidx.compose.animation.core.Animatable<androidx.compose.ui.geometry.Offset, androidx.compose.animation.core.AnimationVector2D> origin=null
          $endPosition: GET_VAR 'val endPosition: androidx.compose.ui.geometry.Offset [val] declared in com.example.animation1.MainActivityKt.GameCharacterMovement' type=androidx.compose.ui.geometry.Offset origin=null
          $controlPoint: GET_VAR 'val controlPoint: androidx.compose.runtime.MutableState<androidx.compose.ui.geometry.Offset> [val] declared in com.example.animation1.MainActivityKt.GameCharacterMovement' type=androidx.compose.runtime.MutableState<androidx.compose.ui.geometry.Offset> origin=null
          $completion: CONST Null type=kotlin.Nothing? value=null
    VAR name:onControlPointChange type:kotlin.Function1<androidx.compose.ui.geometry.Offset, kotlin.Unit> [val]
      BLOCK type=kotlin.Function1<androidx.compose.ui.geometry.Offset, kotlin.Unit> origin=LAMBDA
        COMPOSITE type=kotlin.Unit origin=null
        CALL 'public final fun <jvm-indy> <T> (dynamicCall: T of kotlin.jvm.internal.<jvm-indy>, bootstrapMethodHandle: kotlin.Any, vararg bootstrapMethodArguments: kotlin.Any): T of kotlin.jvm.internal.<jvm-indy> declared in kotlin.jvm.internal' type=kotlin.Function1<androidx.compose.ui.geometry.Offset, kotlin.Unit> origin=null
          <T>: kotlin.Function1<androidx.compose.ui.geometry.Offset, kotlin.Unit>
          dynamicCall: CALL 'public final fun invoke (p0: androidx.compose.runtime.MutableState<androidx.compose.ui.geometry.Offset>): kotlin.Function1<androidx.compose.ui.geometry.Offset, kotlin.Unit> declared in kotlin.jvm.internal.invokeDynamic' type=kotlin.Function1<androidx.compose.ui.geometry.Offset, kotlin.Unit> origin=null
            p0: GET_VAR 'val controlPoint: androidx.compose.runtime.MutableState<androidx.compose.ui.geometry.Offset> [val] declared in com.example.animation1.MainActivityKt.GameCharacterMovement' type=androidx.compose.runtime.MutableState<androidx.compose.ui.geometry.Offset> origin=null
          bootstrapMethodHandle: CALL 'public final fun <jvm-method-handle> (tag: kotlin.Int, owner: kotlin.String, name: kotlin.String, descriptor: kotlin.String, isInterface: kotlin.Boolean): kotlin.Any declared in kotlin.jvm.internal' type=kotlin.Any origin=null
            tag: CONST Int type=kotlin.Int value=6
            owner: CONST String type=kotlin.String value="java/lang/invoke/LambdaMetafactory"
            name: CONST String type=kotlin.String value="metafactory"
            descriptor: CONST String type=kotlin.String value="(Ljava/lang/invoke/MethodHandles$Lookup;Ljava/lang/String;Ljava/lang/invoke/MethodType;Ljava/lang/invoke/MethodType;Ljava/lang/invoke/MethodHandle;Ljava/lang/invoke/MethodType;)Ljava/lang/invoke/CallSite;"
            isInterface: CONST Boolean type=kotlin.Boolean value=false
          bootstrapMethodArguments: VARARG type=kotlin.Array<kotlin.Any> varargElementType=kotlin.Any
            CALL 'public final fun <jvm-original-method-type> (method: kotlin.Any): kotlin.Any declared in kotlin.jvm.internal' type=kotlin.Any origin=null
              method: RAW_FUNCTION_REFERENCE 'public abstract fun invoke (p1: P1 of kotlin.Function1): R of kotlin.Function1 [operator] declared in kotlin.Function1' type=kotlin.Any
            RAW_FUNCTION_REFERENCE 'private final fun GameCharacterMovement$lambda$2 ($controlPoint: androidx.compose.runtime.MutableState<androidx.compose.ui.geometry.Offset>, it: androidx.compose.ui.geometry.Offset?): kotlin.Unit? declared in com.example.animation1.MainActivityKt' type=kotlin.Any
            CALL 'public final fun <jvm-original-method-type> (method: kotlin.Any): kotlin.Any declared in kotlin.jvm.internal' type=kotlin.Any origin=null
              method: RAW_FUNCTION_REFERENCE 'public abstract fun invoke (p1: androidx.compose.ui.geometry.Offset?): kotlin.Unit? [fake_override,operator] declared in kotlin.jvm.internal.invokeDynamic.<fake>' type=kotlin.Any
    CALL 'public final fun Box$default (modifier: androidx.compose.ui.Modifier?, contentAlignment: androidx.compose.ui.Alignment?, propagateMinConstraints: kotlin.Boolean, content: @[Composable] @[ExtensionFunctionType] kotlin.Function1<androidx.compose.foundation.layout.BoxScope, kotlin.Unit>, $mask0: kotlin.Int, $handler: kotlin.Any?): kotlin.Unit [inline] declared in androidx.compose.foundation.layout.BoxKt' type=kotlin.Unit origin=DEFAULT_DISPATCH_CALL
      modifier: CALL 'public final fun fillMaxSize$default (fraction: kotlin.Float, $mask0: kotlin.Int, $handler: kotlin.Any?): androidx.compose.ui.Modifier declared in androidx.compose.foundation.layout.SizeKt' type=androidx.compose.ui.Modifier origin=DEFAULT_DISPATCH_CALL
        $receiver: GET_FIELD 'FIELD FIELD_FOR_OBJECT_INSTANCE name:Companion type:androidx.compose.ui.Modifier.Companion visibility:public [final,static] declared in androidx.compose.ui.Modifier' type=androidx.compose.ui.Modifier.Companion origin=null
        fraction: COMPOSITE type=kotlin.Float origin=DEFAULT_VALUE
          CONST Float type=kotlin.Float value=0.0
        $mask0: CONST Int type=kotlin.Int value=1
        $handler: CONST Null type=kotlin.Any? value=null
      contentAlignment: COMPOSITE type=androidx.compose.ui.Alignment? origin=DEFAULT_VALUE
        CONST Null type=androidx.compose.ui.Alignment? value=null
      propagateMinConstraints: COMPOSITE type=kotlin.Boolean origin=DEFAULT_VALUE
        CONST Boolean type=kotlin.Boolean value=false
      content: BLOCK type=@[ExtensionFunctionType] kotlin.Function1<androidx.compose.foundation.layout.BoxScope, kotlin.Unit> origin=LAMBDA
        COMPOSITE type=kotlin.Unit origin=null
        FUNCTION_REFERENCE 'private final fun GameCharacterMovement$lambda$4 ($controlPoint: androidx.compose.runtime.MutableState<androidx.compose.ui.geometry.Offset>, $onControlPointChange: kotlin.Function1<androidx.compose.ui.geometry.Offset, kotlin.Unit>, $position: androidx.compose.animation.core.Animatable<androidx.compose.ui.geometry.Offset, androidx.compose.animation.core.AnimationVector2D>): kotlin.Unit declared in com.example.animation1.MainActivityKt' type=@[ExtensionFunctionType] kotlin.Function1<androidx.compose.foundation.layout.BoxScope, kotlin.Unit> origin=INLINE_LAMBDA reflectionTarget=null
          $controlPoint: GET_VAR 'val controlPoint: androidx.compose.runtime.MutableState<androidx.compose.ui.geometry.Offset> [val] declared in com.example.animation1.MainActivityKt.GameCharacterMovement' type=androidx.compose.runtime.MutableState<androidx.compose.ui.geometry.Offset> origin=null
          $onControlPointChange: GET_VAR 'val onControlPointChange: kotlin.Function1<androidx.compose.ui.geometry.Offset, kotlin.Unit> [val] declared in com.example.animation1.MainActivityKt.GameCharacterMovement' type=kotlin.Function1<androidx.compose.ui.geometry.Offset, kotlin.Unit> origin=null
          $position: GET_VAR 'val position: androidx.compose.animation.core.Animatable<androidx.compose.ui.geometry.Offset, androidx.compose.animation.core.AnimationVector2D> [val] declared in com.example.animation1.MainActivityKt.GameCharacterMovement' type=androidx.compose.animation.core.Animatable<androidx.compose.ui.geometry.Offset, androidx.compose.animation.core.AnimationVector2D> origin=null
      $mask0: CONST Int type=kotlin.Int value=6
      $handler: CONST Null type=kotlin.Any? value=null

	at org.jetbrains.kotlin.backend.jvm.codegen.FunctionCodegen.generate(FunctionCodegen.kt:47)
	at org.jetbrains.kotlin.backend.jvm.codegen.FunctionCodegen.generate$default(FunctionCodegen.kt:40)
	at org.jetbrains.kotlin.backend.jvm.codegen.ClassCodegen.generateMethodNode(ClassCodegen.kt:406)
	at org.jetbrains.kotlin.backend.jvm.codegen.ClassCodegen.generateMethod(ClassCodegen.kt:423)
	at org.jetbrains.kotlin.backend.jvm.codegen.ClassCodegen.generate(ClassCodegen.kt:168)
	at org.jetbrains.kotlin.backend.jvm.FileCodegen.lower(JvmPhases.kt:39)
	at org.jetbrains.kotlin.backend.common.phaser.PhaseFactoriesKt.createFilePhase$lambda$4(PhaseFactories.kt:71)
	at org.jetbrains.kotlin.backend.common.phaser.PhaseBuildersKt$createSimpleNamedCompilerPhase$1.phaseBody(PhaseBuilders.kt:69)
	at org.jetbrains.kotlin.backend.common.phaser.SimpleNamedCompilerPhase.phaseBody(CompilerPhase.kt:226)
	at org.jetbrains.kotlin.backend.common.phaser.AbstractNamedCompilerPhase.invoke(CompilerPhase.kt:113)
	at org.jetbrains.kotlin.backend.common.phaser.PerformByIrFilePhase.invokeSequential(performByIrFile.kt:62)
	... 43 more
Caused by: org.jetbrains.kotlin.codegen.CompilationException: Back-end (JVM) Internal error: Couldn't inline method call: CALL 'public final fun remember <T> (calculation: @[DisallowComposableCalls] kotlin.Function0<T of androidx.compose.runtime.ComposablesKt.remember>): T of androidx.compose.runtime.ComposablesKt.remember [inline] declared in androidx.compose.runtime.ComposablesKt' type=androidx.compose.runtime.MutableState<androidx.compose.ui.geometry.Offset> origin=null
Method: null
File is unknown
The root cause java.lang.IllegalStateException was thrown at: org.jetbrains.kotlin.codegen.inline.SourceCompilerForInlineKt.getMethodNode(SourceCompilerForInline.kt:118)
	at org.jetbrains.kotlin.codegen.inline.InlineCodegen.performInline(InlineCodegen.kt:65)
	at org.jetbrains.kotlin.backend.jvm.codegen.IrInlineCodegen.genInlineCall(IrInlineCodegen.kt:163)
	at org.jetbrains.kotlin.backend.jvm.codegen.IrInlineCallGenerator.genCall(IrInlineCallGenerator.kt:36)
	at org.jetbrains.kotlin.backend.jvm.codegen.ExpressionCodegen.visitCall(ExpressionCodegen.kt:653)
	at org.jetbrains.kotlin.backend.jvm.codegen.ExpressionCodegen.visitCall(ExpressionCodegen.kt:138)
	at org.jetbrains.kotlin.ir.expressions.IrCall.accept(IrCall.kt:24)
	at org.jetbrains.kotlin.backend.jvm.codegen.ExpressionCodegen.visitVariable(ExpressionCodegen.kt:790)
	at org.jetbrains.kotlin.backend.jvm.codegen.ExpressionCodegen.visitVariable(ExpressionCodegen.kt:138)
	at org.jetbrains.kotlin.ir.declarations.IrVariable.accept(IrVariable.kt:36)
	at org.jetbrains.kotlin.backend.jvm.codegen.ExpressionCodegen.visitStatementContainer(ExpressionCodegen.kt:579)
	at org.jetbrains.kotlin.backend.jvm.codegen.ExpressionCodegen.visitBlockBody(ExpressionCodegen.kt:584)
	at org.jetbrains.kotlin.backend.jvm.codegen.ExpressionCodegen.visitBlockBody(ExpressionCodegen.kt:138)
	at org.jetbrains.kotlin.ir.expressions.IrBlockBody.accept(IrBlockBody.kt:20)
	at org.jetbrains.kotlin.backend.jvm.codegen.ExpressionCodegen.generate(ExpressionCodegen.kt:240)
	at org.jetbrains.kotlin.backend.jvm.codegen.FunctionCodegen.doGenerate(FunctionCodegen.kt:123)
	at org.jetbrains.kotlin.backend.jvm.codegen.FunctionCodegen.generate(FunctionCodegen.kt:44)
	... 53 more
Caused by: java.lang.IllegalStateException: couldn't find inline method Landroidx/compose/runtime/ComposablesKt;.remember(Lkotlin/jvm/functions/Function0;)Ljava/lang/Object;
	at org.jetbrains.kotlin.codegen.inline.SourceCompilerForInlineKt.getMethodNode(SourceCompilerForInline.kt:118)
	at org.jetbrains.kotlin.codegen.inline.SourceCompilerForInlineKt.loadCompiledInlineFunction(SourceCompilerForInline.kt:96)
	at org.jetbrains.kotlin.backend.jvm.codegen.IrSourceCompilerForInline.compileInlineFunction(IrSourceCompilerForInline.kt:91)
	at org.jetbrains.kotlin.codegen.inline.InlineCodegen.compileInline(InlineCodegen.kt:43)
	at org.jetbrains.kotlin.codegen.inline.InlineCodegen.performInline(InlineCodegen.kt:51)
	... 68 more


